           : device "003_picoblazecopy.procdef"
           :
           :         ORG     0h                      ; Define code segment
           :
           : ; --------------------
           : start:
[OK]       :         ;; step 
[OK]       :         ;; PC == 3
[OK]       :         ;; stack[0] == 1
[OK]       :         ;; step
[OK]       :         ;; pc == 5
[OK]       :         ;; stack[1] == 4
[OK]       :         ;; step
[OK]       :         ;; pc == 7
[OK]       :         ;; stack[2] == 6
[OK]       :         ;; step
[OK]       :         ;; pc == 6
[OK]       :         ;; step
[OK]       :         ;; pc == 4
[OK]       :         ;; step
[OK]       :         ;; pc == 1
[OK]       :         ;; step
[OK]       :         ;; pc == 8
[OK]       :         ;; step
[OK]       :         ;; pc == 2
           :         
           :        call ahoj
           :        call sss
           :        jump start
           :
           : ahoj: call ahoj2
           :       return
           :
           : ahoj2: call ahoj3
           :        return
           :
           : ahoj3: return
           :
           : sss: return
